******************************************************************************
          TMS320C6x COFF Linker PC Version 4.36                
******************************************************************************
>> Linked Thu Nov 21 10:28:03 2019

OUTPUT FILE NAME:   <./Debug/IIR.out>
ENTRY POINT SYMBOL: "_c_int00"  address: 00002100


MEMORY CONFIGURATION

                  name            origin    length      used    attr    fill
         ----------------------  --------  ---------  --------  ----  --------
         IVECS                   00000000   00000220  00000200  RWIX
         IRAM                    00000220   0002fde0  00002bca  RWIX
         SDRAM                   80000000   00100000  00000000  RWIX
         FLASH                   90000000   00020000  00000000  RWIX


SECTION ALLOCATION MAP

 output                                  attributes/
section   page    origin      length       input sections
--------  ----  ----------  ----------   ----------------
.EXT_RAM   0    80000000    00000000     UNINITIALIZED

.vectors   0    00000000    00000000     UNINITIALIZED

.data      0    00000000    00000000     UNINITIALIZED

.vecs      0    00000000    00000200     
                  00000000    00000200     Vectors_intr.obj (.vecs)

.sysmem    0    00000220    00000000     UNINITIALIZED

.cio       0    00000220    00000000     UNINITIALIZED

.csldata   0    00000220    00000000     UNINITIALIZED

.switch    0    00000220    00000000     UNINITIALIZED

.text      0    00000220    00002160     
                  00000220    00000680     c6713dskinit.obj (.text)
                  000008a0    00000460     dsk6713bsl.lib : dsk6713.obj (.text)
                  00000d00    00000300                    : dsk6713_aic23_opencodec.obj (.text)
                  00001000    000002e0     IIR.obj (.text)
                  000012e0    00000240     rts6700.lib : memcpy62.obj (.text)
                  00001520    00000220                 : exit.obj (.text)
                  00001740    000001a0     csl6713.lib : csl_irq.obj (.text:_IRQ_map)
                  000018e0    00000180                 : csl_mcbsp.obj (.text:_MCBSP_reset)
                  00001a60    00000140     dsk6713bsl.lib : dsk6713_aic23_registers.obj (.text)
                  00001ba0    00000100     rts6700.lib : autoinit.obj (.text)
                  00001ca0    000000e0     csl6713.lib : csl_mcbsp.obj (.text:_MCBSP_open)
                  00001d80    000000e0     rts6700.lib : strasg.obj (.text)
                  00001e60    000000c0     dsk6713bsl.lib : dsk6713_aic23_setfreq.obj (.text)
                  00001f20    000000a0     csl6713.lib : csl_irq.obj (.text:_setMux)
                  00001fc0    000000a0                 : csl_mcbsp.obj (.text:_MCBSP_config)
                  00002060    000000a0                 : csl_mcbsp.obj (.text:_MCBSP_start)
                  00002100    00000080     rts6700.lib : boot.obj (.text)
                  00002180    00000040     csl6713.lib : csl_irq.obj (.text:_IRQ_enable)
                  000021c0    00000040                 : csl_irq.obj (.text:_IRQ_reset)
                  00002200    00000040     rts6700.lib : _lock.obj (.text)
                  00002240    00000020     csl6713.lib : csl_mcbsp.obj (.text:_MCBSP_getXmtEventId)
                  00002260    00000020                 : csl_mcbsp.obj (.text:_MCBSP_rrdy)
                  00002280    00000020                 : csl_mcbsp.obj (.text:_MCBSP_read)
                  000022a0    00000020                 : csl_irq.obj (.text:_IRQ_globalDisable)
                  000022c0    00000020                 : csl_irq.obj (.text:_IRQ_nmiEnable)
                  000022e0    00000020     Vectors_intr.obj (.text)
                  00002300    00000020     csl6713.lib : csl_irq.obj (.text)
                  00002320    00000020                 : csl_mcbsp.obj (.text:_MCBSP_xrdy)
                  00002340    00000020                 : csl_mcbsp.obj (.text:_MCBSP_write)
                  00002360    00000020                 : csl_irq.obj (.text:_IRQ_globalEnable)

.bss       0    00002380    000000d4     UNINITIALIZED
                  00002380    00000078     IIR.obj (.bss)
                  000023f8    00000058     c6713dskinit.obj (.bss)
                  00002450    00000004     IIR.obj (.bss:c)

.cinit     0    00002458    00000324     
                  00002458    0000012c     csl6713.lib : csl_irq.obj (.cinit)
                  00002584    00000004     --HOLE-- [fill = 0]
                  00002588    00000082     IIR.obj (.cinit)
                  0000260a    00000006     --HOLE-- [fill = 0]
                  00002610    00000058     c6713dskinit.obj (.cinit)
                  00002668    00000054     csl6713.lib : csl_mcbsp.obj (.cinit)
                  000026bc    00000004     --HOLE-- [fill = 0]
                  000026c0    00000030     dsk6713bsl.lib : dsk6713_aic23_registers.obj (.cinit)
                  000026f0    0000002c     rts6700.lib : exit.obj (.cinit)
                  0000271c    00000004     --HOLE-- [fill = 0]
                  00002720    00000028     dsk6713bsl.lib : dsk6713_aic23_setfreq.obj (.cinit)
                  00002748    0000001c     rts6700.lib : _lock.obj (.cinit)
                  00002764    00000004     --HOLE-- [fill = 0]
                  00002768    0000000c     IIR.obj (.cinit:c)
                  00002774    00000008     --HOLE-- [fill = 0]

.stack     0    00002780    00000400     UNINITIALIZED
                  00002780    00000008     rts6700.lib : boot.obj (.stack)

.const     0    00002b80    00000060     
                  00002b80    00000040     dsk6713bsl.lib : dsk6713_aic23_opencodec.obj (.const)
                  00002bc0    00000020                    : dsk6713.obj (.const)

.far       0    00002be0    00000212     UNINITIALIZED
                  00002be0    000000f4     csl6713.lib : csl_irq.obj (.far)
                  00002cd4    0000008c     rts6700.lib : exit.obj (.far)
                  00002d60    00000038     csl6713.lib : csl_mcbsp.obj (.far)
                  00002d98    00000028     dsk6713bsl.lib : dsk6713_aic23_registers.obj (.far)
                  00002dc0    00000020                    : dsk6713_aic23_setfreq.obj (.far)
                  00002de0    00000008     rts6700.lib : _lock.obj (.far)
                  00002de8    00000008     dsk6713bsl.lib : dsk6713_aic23_opencodec.obj (.far)
                  00002df0    00000002                    : dsk6713.obj (.far)


GLOBAL SYMBOLS: SORTED ALPHABETICALLY BY Name 

address    name
--------   ----
00002380   $bss
00002380   .bss
00000000   .data
00000220   .text
00001734   C$$EXIT
00002404   _AIC23CfgData
000023f8   _AIC_data
00002de8   _DSK6713_AIC23_codeccontrolhandle
00002dec   _DSK6713_AIC23_codecdatahandle
00001b20   _DSK6713_AIC23_config
00000d00   _DSK6713_AIC23_openCodec
00001afc   _DSK6713_AIC23_rget
00001a60   _DSK6713_AIC23_rset
00001e60   _DSK6713_AIC23_setFreq
00000c78   _DSK6713_getVersion
000008d0   _DSK6713_init
00000bd0   _DSK6713_rget
00000be4   _DSK6713_rset
00002df0   _DSK6713_version
00000bf8   _DSK6713_wait
00000c4c   _DSK6713_waitusec
00002180   _IRQ_enable
000022a0   _IRQ_globalDisable
00002360   _IRQ_globalEnable
00001740   _IRQ_map
000022c0   _IRQ_nmiEnable
000021c0   _IRQ_reset
00001fc0   _MCBSP_config
00002240   _MCBSP_getXmtEventId
00001ca0   _MCBSP_open
00002280   _MCBSP_read
000018e0   _MCBSP_reset
00002260   _MCBSP_rrdy
00002060   _MCBSP_start
00002340   _MCBSP_write
00002320   _MCBSP_xrdy
00002ccc   __IRQ_dispatchTable
00002c08   __IRQ_eventTable
00002300   __IRQ_hookFetchPacket
00002c8c   __IRQ_intTable
00002d90   __MCBSP_hDev0
00002d94   __MCBSP_hDev1
00000400   __STACK_SIZE
00002380   ___bss__
00002458   ___cinit__
00000000   ___data__
00000000   ___edata__
00002454   ___end__
00002380   ___etext__
ffffffff   ___pinit__
00000220   ___text__
00001ba0   __auto_init
00002d58   __cleanup_ptr
00002d5c   __dtors_ptr
00002de0   __lock
00002200   __nop
00002208   __register_lock
0000221c   __register_unlock
00002780   __stack
00001d80   __strasg
00002de4   __unlock
00002380   _a
00001734   _abort
00001658   _atexit
000023bc   _b
00000220   _c6713_dsk_init
00002100   _c_int00
00001000   _c_int11
000002f0   _comm_intr
000002bc   _comm_poll
00002424   _config
000023e4   _dly
00001520   _exit
00002450   _fs
0000244c   _hAIC23_handle
0000073c   _input_left_sample
000007e0   _input_right_sample
00000668   _input_sample
000012b4   _main
000012e0   _memcpy
000004e8   _output_left_sample
000005a8   _output_right_sample
000003f8   _output_sample
00000020   _vector1
00000140   _vector10
00000180   _vector12
000001a0   _vector13
000001c0   _vector14
000001e0   _vector15
00000040   _vector2
00000060   _vector3
00000080   _vector4
000000a0   _vector5
000000c0   _vector6
000000e0   _vector7
00000100   _vector8
00000120   _vector9
00000000   _vectors
00002458   cinit
00000000   edata
00002454   end
00002380   etext
ffffffff   pinit


GLOBAL SYMBOLS: SORTED BY Symbol Address 

address    name
--------   ----
00000000   ___edata__
00000000   ___data__
00000000   .data
00000000   edata
00000000   _vectors
00000020   _vector1
00000040   _vector2
00000060   _vector3
00000080   _vector4
000000a0   _vector5
000000c0   _vector6
000000e0   _vector7
00000100   _vector8
00000120   _vector9
00000140   _vector10
00000180   _vector12
000001a0   _vector13
000001c0   _vector14
000001e0   _vector15
00000220   ___text__
00000220   _c6713_dsk_init
00000220   .text
000002bc   _comm_poll
000002f0   _comm_intr
000003f8   _output_sample
00000400   __STACK_SIZE
000004e8   _output_left_sample
000005a8   _output_right_sample
00000668   _input_sample
0000073c   _input_left_sample
000007e0   _input_right_sample
000008d0   _DSK6713_init
00000bd0   _DSK6713_rget
00000be4   _DSK6713_rset
00000bf8   _DSK6713_wait
00000c4c   _DSK6713_waitusec
00000c78   _DSK6713_getVersion
00000d00   _DSK6713_AIC23_openCodec
00001000   _c_int11
000012b4   _main
000012e0   _memcpy
00001520   _exit
00001658   _atexit
00001734   C$$EXIT
00001734   _abort
00001740   _IRQ_map
000018e0   _MCBSP_reset
00001a60   _DSK6713_AIC23_rset
00001afc   _DSK6713_AIC23_rget
00001b20   _DSK6713_AIC23_config
00001ba0   __auto_init
00001ca0   _MCBSP_open
00001d80   __strasg
00001e60   _DSK6713_AIC23_setFreq
00001fc0   _MCBSP_config
00002060   _MCBSP_start
00002100   _c_int00
00002180   _IRQ_enable
000021c0   _IRQ_reset
00002200   __nop
00002208   __register_lock
0000221c   __register_unlock
00002240   _MCBSP_getXmtEventId
00002260   _MCBSP_rrdy
00002280   _MCBSP_read
000022a0   _IRQ_globalDisable
000022c0   _IRQ_nmiEnable
00002300   __IRQ_hookFetchPacket
00002320   _MCBSP_xrdy
00002340   _MCBSP_write
00002360   _IRQ_globalEnable
00002380   .bss
00002380   etext
00002380   _a
00002380   ___etext__
00002380   $bss
00002380   ___bss__
000023bc   _b
000023e4   _dly
000023f8   _AIC_data
00002404   _AIC23CfgData
00002424   _config
0000244c   _hAIC23_handle
00002450   _fs
00002454   ___end__
00002454   end
00002458   cinit
00002458   ___cinit__
00002780   __stack
00002c08   __IRQ_eventTable
00002c8c   __IRQ_intTable
00002ccc   __IRQ_dispatchTable
00002d58   __cleanup_ptr
00002d5c   __dtors_ptr
00002d90   __MCBSP_hDev0
00002d94   __MCBSP_hDev1
00002de0   __lock
00002de4   __unlock
00002de8   _DSK6713_AIC23_codeccontrolhandle
00002dec   _DSK6713_AIC23_codecdatahandle
00002df0   _DSK6713_version
ffffffff   pinit
ffffffff   ___pinit__

[103 symbols]
