******************************************************************************
          TMS320C6x COFF Linker PC Version 4.36                
******************************************************************************
>> Linked Wed Nov 14 11:08:32 2018

OUTPUT FILE NAME:   <./Debug/FIR.out>
ENTRY POINT SYMBOL: "_c_int00"  address: 00002020


MEMORY CONFIGURATION

                  name            origin    length      used    attr    fill
         ----------------------  --------  ---------  --------  ----  --------
         IVECS                   00000000   00000220  00000200  RWIX
         IRAM                    00000220   0002fde0  00002be6  RWIX
         SDRAM                   80000000   00100000  00000000  RWIX
         FLASH                   90000000   00020000  00000000  RWIX


SECTION ALLOCATION MAP

 output                                  attributes/
section   page    origin      length       input sections
--------  ----  ----------  ----------   ----------------
.EXT_RAM   0    80000000    00000000     UNINITIALIZED

.vectors   0    00000000    00000000     UNINITIALIZED

.data      0    00000000    00000000     UNINITIALIZED

.vecs      0    00000000    00000200     
                  00000000    00000200     Vectors_intr.obj (.vecs)

.sysmem    0    00000220    00000000     UNINITIALIZED

.cio       0    00000220    00000000     UNINITIALIZED

.csldata   0    00000220    00000000     UNINITIALIZED

.switch    0    00000220    00000000     UNINITIALIZED

.text      0    00000220    00002080     
                  00000220    00000680     c6713dskinit.obj (.text)
                  000008a0    00000460     dsk6713bsl.lib : dsk6713.obj (.text)
                  00000d00    00000300                    : dsk6713_aic23_opencodec.obj (.text)
                  00001000    00000240     rts6700.lib : memcpy62.obj (.text)
                  00001240    00000220                 : exit.obj (.text)
                  00001460    00000200     Fir.obj (.text)
                  00001660    000001a0     csl6713.lib : csl_irq.obj (.text:_IRQ_map)
                  00001800    00000180                 : csl_mcbsp.obj (.text:_MCBSP_reset)
                  00001980    00000140     dsk6713bsl.lib : dsk6713_aic23_registers.obj (.text)
                  00001ac0    00000100     rts6700.lib : autoinit.obj (.text)
                  00001bc0    000000e0     csl6713.lib : csl_mcbsp.obj (.text:_MCBSP_open)
                  00001ca0    000000e0     rts6700.lib : strasg.obj (.text)
                  00001d80    000000c0     dsk6713bsl.lib : dsk6713_aic23_setfreq.obj (.text)
                  00001e40    000000a0     csl6713.lib : csl_irq.obj (.text:_setMux)
                  00001ee0    000000a0                 : csl_mcbsp.obj (.text:_MCBSP_config)
                  00001f80    000000a0                 : csl_mcbsp.obj (.text:_MCBSP_start)
                  00002020    00000080     rts6700.lib : boot.obj (.text)
                  000020a0    00000040     csl6713.lib : csl_irq.obj (.text:_IRQ_enable)
                  000020e0    00000040                 : csl_irq.obj (.text:_IRQ_reset)
                  00002120    00000040     rts6700.lib : _lock.obj (.text)
                  00002160    00000020     csl6713.lib : csl_mcbsp.obj (.text:_MCBSP_getXmtEventId)
                  00002180    00000020                 : csl_mcbsp.obj (.text:_MCBSP_rrdy)
                  000021a0    00000020                 : csl_mcbsp.obj (.text:_MCBSP_read)
                  000021c0    00000020                 : csl_irq.obj (.text:_IRQ_globalDisable)
                  000021e0    00000020                 : csl_irq.obj (.text:_IRQ_nmiEnable)
                  00002200    00000020     Vectors_intr.obj (.text)
                  00002220    00000020     csl6713.lib : csl_irq.obj (.text)
                  00002240    00000020                 : csl_mcbsp.obj (.text:_MCBSP_xrdy)
                  00002260    00000020                 : csl_mcbsp.obj (.text:_MCBSP_write)
                  00002280    00000020                 : csl_irq.obj (.text:_IRQ_globalEnable)

.bss       0    000022a0    000001a8     UNINITIALIZED
                  000022a0    00000146     Fir.obj (.bss)
                  000023e8    00000058     c6713dskinit.obj (.bss)
                  00002440    00000008     Fir.obj (.bss:c)

.cinit     0    00002448    0000034c     
                  00002448    0000012c     csl6713.lib : csl_irq.obj (.cinit)
                  00002574    00000004     --HOLE-- [fill = 0]
                  00002578    000000aa     Fir.obj (.cinit)
                  00002622    00000006     --HOLE-- [fill = 0]
                  00002628    00000058     c6713dskinit.obj (.cinit)
                  00002680    00000054     csl6713.lib : csl_mcbsp.obj (.cinit)
                  000026d4    00000004     --HOLE-- [fill = 0]
                  000026d8    00000030     dsk6713bsl.lib : dsk6713_aic23_registers.obj (.cinit)
                  00002708    0000002c     rts6700.lib : exit.obj (.cinit)
                  00002734    00000004     --HOLE-- [fill = 0]
                  00002738    00000028     dsk6713bsl.lib : dsk6713_aic23_setfreq.obj (.cinit)
                  00002760    0000001c     rts6700.lib : _lock.obj (.cinit)
                  0000277c    00000004     --HOLE-- [fill = 0]
                  00002780    00000010     Fir.obj (.cinit:c)
                  00002790    00000004     --HOLE-- [fill = 0]

.stack     0    00002798    00000400     UNINITIALIZED
                  00002798    00000008     rts6700.lib : boot.obj (.stack)

.const     0    00002b98    00000060     
                  00002b98    00000040     dsk6713bsl.lib : dsk6713_aic23_opencodec.obj (.const)
                  00002bd8    00000020                    : dsk6713.obj (.const)

.far       0    00002bf8    00000212     UNINITIALIZED
                  00002bf8    000000f4     csl6713.lib : csl_irq.obj (.far)
                  00002cec    0000008c     rts6700.lib : exit.obj (.far)
                  00002d78    00000038     csl6713.lib : csl_mcbsp.obj (.far)
                  00002db0    00000028     dsk6713bsl.lib : dsk6713_aic23_registers.obj (.far)
                  00002dd8    00000020                    : dsk6713_aic23_setfreq.obj (.far)
                  00002df8    00000008     rts6700.lib : _lock.obj (.far)
                  00002e00    00000008     dsk6713bsl.lib : dsk6713_aic23_opencodec.obj (.far)
                  00002e08    00000002                    : dsk6713.obj (.far)


GLOBAL SYMBOLS: SORTED ALPHABETICALLY BY Name 

address    name
--------   ----
000022a0   $bss
000022a0   .bss
00000000   .data
00000220   .text
00001454   C$$EXIT
000023f4   _AIC23CfgData
000023e8   _AIC_data
00002e00   _DSK6713_AIC23_codeccontrolhandle
00002e04   _DSK6713_AIC23_codecdatahandle
00001a40   _DSK6713_AIC23_config
00000d00   _DSK6713_AIC23_openCodec
00001a1c   _DSK6713_AIC23_rget
00001980   _DSK6713_AIC23_rset
00001d80   _DSK6713_AIC23_setFreq
00000c78   _DSK6713_getVersion
000008d0   _DSK6713_init
00000bd0   _DSK6713_rget
00000be4   _DSK6713_rset
00002e08   _DSK6713_version
00000bf8   _DSK6713_wait
00000c4c   _DSK6713_waitusec
000020a0   _IRQ_enable
000021c0   _IRQ_globalDisable
00002280   _IRQ_globalEnable
00001660   _IRQ_map
000021e0   _IRQ_nmiEnable
000020e0   _IRQ_reset
00001ee0   _MCBSP_config
00002160   _MCBSP_getXmtEventId
00001bc0   _MCBSP_open
000021a0   _MCBSP_read
00001800   _MCBSP_reset
00002180   _MCBSP_rrdy
00001f80   _MCBSP_start
00002260   _MCBSP_write
00002240   _MCBSP_xrdy
00002ce4   __IRQ_dispatchTable
00002c20   __IRQ_eventTable
00002220   __IRQ_hookFetchPacket
00002ca4   __IRQ_intTable
00002da8   __MCBSP_hDev0
00002dac   __MCBSP_hDev1
00000400   __STACK_SIZE
000022a0   ___bss__
00002448   ___cinit__
00000000   ___data__
00000000   ___edata__
00002448   ___end__
000022a0   ___etext__
ffffffff   ___pinit__
00000220   ___text__
00001ac0   __auto_init
00002d70   __cleanup_ptr
00002d74   __dtors_ptr
00002df8   __lock
00002120   __nop
00002128   __register_lock
0000213c   __register_unlock
00002798   __stack
00001ca0   __strasg
00002dfc   __unlock
00001454   _abort
00001378   _atexit
00000220   _c6713_dsk_init
00002020   _c_int00
00001460   _c_int11
000002f0   _comm_intr
000002bc   _comm_poll
00002414   _config
00002344   _dly
00001240   _exit
00002440   _fs
000022a0   _h
0000243c   _hAIC23_handle
0000073c   _input_left_sample
000007e0   _input_right_sample
00000668   _input_sample
00001624   _main
00001000   _memcpy
000004e8   _output_left_sample
000005a8   _output_right_sample
000003f8   _output_sample
00000020   _vector1
00000140   _vector10
00000180   _vector12
000001a0   _vector13
000001c0   _vector14
000001e0   _vector15
00000040   _vector2
00000060   _vector3
00000080   _vector4
000000a0   _vector5
000000c0   _vector6
000000e0   _vector7
00000100   _vector8
00000120   _vector9
00000000   _vectors
00002444   _yn
00002448   cinit
00000000   edata
00002448   end
000022a0   etext
ffffffff   pinit


GLOBAL SYMBOLS: SORTED BY Symbol Address 

address    name
--------   ----
00000000   ___edata__
00000000   ___data__
00000000   .data
00000000   edata
00000000   _vectors
00000020   _vector1
00000040   _vector2
00000060   _vector3
00000080   _vector4
000000a0   _vector5
000000c0   _vector6
000000e0   _vector7
00000100   _vector8
00000120   _vector9
00000140   _vector10
00000180   _vector12
000001a0   _vector13
000001c0   _vector14
000001e0   _vector15
00000220   ___text__
00000220   _c6713_dsk_init
00000220   .text
000002bc   _comm_poll
000002f0   _comm_intr
000003f8   _output_sample
00000400   __STACK_SIZE
000004e8   _output_left_sample
000005a8   _output_right_sample
00000668   _input_sample
0000073c   _input_left_sample
000007e0   _input_right_sample
000008d0   _DSK6713_init
00000bd0   _DSK6713_rget
00000be4   _DSK6713_rset
00000bf8   _DSK6713_wait
00000c4c   _DSK6713_waitusec
00000c78   _DSK6713_getVersion
00000d00   _DSK6713_AIC23_openCodec
00001000   _memcpy
00001240   _exit
00001378   _atexit
00001454   _abort
00001454   C$$EXIT
00001460   _c_int11
00001624   _main
00001660   _IRQ_map
00001800   _MCBSP_reset
00001980   _DSK6713_AIC23_rset
00001a1c   _DSK6713_AIC23_rget
00001a40   _DSK6713_AIC23_config
00001ac0   __auto_init
00001bc0   _MCBSP_open
00001ca0   __strasg
00001d80   _DSK6713_AIC23_setFreq
00001ee0   _MCBSP_config
00001f80   _MCBSP_start
00002020   _c_int00
000020a0   _IRQ_enable
000020e0   _IRQ_reset
00002120   __nop
00002128   __register_lock
0000213c   __register_unlock
00002160   _MCBSP_getXmtEventId
00002180   _MCBSP_rrdy
000021a0   _MCBSP_read
000021c0   _IRQ_globalDisable
000021e0   _IRQ_nmiEnable
00002220   __IRQ_hookFetchPacket
00002240   _MCBSP_xrdy
00002260   _MCBSP_write
00002280   _IRQ_globalEnable
000022a0   etext
000022a0   _h
000022a0   ___etext__
000022a0   $bss
000022a0   ___bss__
000022a0   .bss
00002344   _dly
000023e8   _AIC_data
000023f4   _AIC23CfgData
00002414   _config
0000243c   _hAIC23_handle
00002440   _fs
00002444   _yn
00002448   ___end__
00002448   cinit
00002448   end
00002448   ___cinit__
00002798   __stack
00002c20   __IRQ_eventTable
00002ca4   __IRQ_intTable
00002ce4   __IRQ_dispatchTable
00002d70   __cleanup_ptr
00002d74   __dtors_ptr
00002da8   __MCBSP_hDev0
00002dac   __MCBSP_hDev1
00002df8   __lock
00002dfc   __unlock
00002e00   _DSK6713_AIC23_codeccontrolhandle
00002e04   _DSK6713_AIC23_codecdatahandle
00002e08   _DSK6713_version
ffffffff   pinit
ffffffff   ___pinit__

[103 symbols]
