******************************************************************************
          TMS320C6x COFF Linker PC Version 4.36                
******************************************************************************
>> Linked Thu Nov 28 10:20:02 2019

OUTPUT FILE NAME:   <./Debug/DFT.out>
ENTRY POINT SYMBOL: "_c_int00"  address: 00002c80


MEMORY CONFIGURATION

                  name            origin    length      used    attr    fill
         ----------------------  --------  ---------  --------  ----  --------
         IVECS                   00000000   00000220  00000000  RWIX
         IRAM                    00000220   0002fde0  000034c0  RWIX
         SDRAM                   80000000   00100000  00000000  RWIX
         FLASH                   90000000   00020000  00000000  RWIX


SECTION ALLOCATION MAP

 output                                  attributes/
section   page    origin      length       input sections
--------  ----  ----------  ----------   ----------------
.EXT_RAM   0    80000000    00000000     UNINITIALIZED

.vectors   0    00000000    00000000     UNINITIALIZED

.data      0    00000000    00000000     UNINITIALIZED

.sysmem    0    00000220    00000000     UNINITIALIZED

.switch    0    00000220    00000000     UNINITIALIZED

.cio       0    00000220    00000000     UNINITIALIZED

.const     0    00000220    00000000     UNINITIALIZED

.csldata   0    00000220    00000000     UNINITIALIZED

.text      0    00000220    00002b60     
                  00000220    00000a00     rts6700.lib : pow.obj (.text)
                  00000c20    00000400                 : cos.obj (.text)
                  00001020    000003c0                 : sin.obj (.text)
                  000013e0    00000360     dft.obj (.text)
                  00001740    00000300     rts6700.lib : frcdivd.obj (.text)
                  00001a40    000002a0                 : sqrt.obj (.text)
                  00001ce0    00000240                 : divd.obj (.text)
                  00001f20    00000240                 : memcpy62.obj (.text)
                  00002160    00000220                 : exit.obj (.text)
                  00002380    000001e0                 : round.obj (.text)
                  00002560    00000180                 : divf.obj (.text)
                  000026e0    00000180                 : ldexp.obj (.text)
                  00002860    00000140                 : frexp.obj (.text)
                  000029a0    00000100                 : frcdivf.obj (.text)
                  00002aa0    00000100                 : autoinit.obj (.text)
                  00002ba0    000000e0                 : modf.obj (.text)
                  00002c80    00000080                 : boot.obj (.text)
                  00002d00    00000040                 : _lock.obj (.text)
                  00002d40    00000040                 : trunc.obj (.text)

.bss       0    00002d80    00000088     UNINITIALIZED
                  00002d80    00000080     dft.obj (.bss)
                  00002e00    00000008     dft.obj (.bss:c)

.cinit     0    00002e08    0000029c     
                  00002e08    00000140     rts6700.lib : pow.obj (.cinit)
                  00002f48    00000054     dft.obj (.cinit)
                  00002f9c    00000004     --HOLE-- [fill = 0]
                  00002fa0    00000048     rts6700.lib : cos.obj (.cinit)
                  00002fe8    00000048                 : sin.obj (.cinit)
                  00003030    0000002c                 : exit.obj (.cinit)
                  0000305c    00000004     --HOLE-- [fill = 0]
                  00003060    0000001c                 : _lock.obj (.cinit)
                  0000307c    00000004     --HOLE-- [fill = 0]
                  00003080    00000010     dft.obj (.cinit:c)
                  00003090    0000000c     rts6700.lib : errno.obj (.cinit)
                  0000309c    00000008     --HOLE-- [fill = 0]

.stack     0    000030a8    00000400     UNINITIALIZED
                  000030a8    00000008     rts6700.lib : boot.obj (.stack)

.far       0    000034a8    0000023c     UNINITIALIZED
                  000034a8    00000120     rts6700.lib : pow.obj (.far)
                  000035c8    0000008c                 : exit.obj (.far)
                  00003658    00000040                 : sin.obj (.far)
                  00003698    00000040                 : cos.obj (.far)
                  000036d8    00000008                 : _lock.obj (.far)
                  000036e0    00000004                 : errno.obj (.far)


GLOBAL SYMBOLS: SORTED ALPHABETICALLY BY Name 

address    name
--------   ----
00002d80   $bss
00002d80   .bss
00000000   .data
00000220   .text
00002374   C$$EXIT
00002dc0   _Imags
00002da0   _Reals
00002de0   _Results
00000400   __STACK_SIZE
00002d80   ___bss__
00002e08   ___cinit__
00000000   ___data__
00000000   ___edata__
00002e08   ___end__
00002d80   ___etext__
ffffffff   ___pinit__
00000220   ___text__
00002aa0   __auto_init
0000364c   __cleanup_ptr
00001ce0   __divd
00002560   __divf
00003650   __dtors_ptr
00001740   __frcdivd
000029a0   __frcdivf
000036d8   __lock
00002d00   __nop
00002d08   __register_lock
00002d1c   __register_unlock
00002380   __round
000030a8   __stack
00002d40   __trunc
000036dc   __unlock
00002374   _abort
00002298   _atexit
00002c80   _c_int00
00000c20   _cos
000013e0   _dft
000036e0   _errno
00002160   _exit
00002e04   _foundFrequency
00002860   _frexp
00002d98   _i
00002d9c   _j
000026e0   _ldexp
000015d0   _main
00001f20   _memcpy
00002ba0   _modf
00002d90   _out
00002e00   _pi
00000220   _pow
00001020   _sin
00001a40   _sqrt
00002d80   _x
00002e08   cinit
00000000   edata
00002e08   end
00002d80   etext
ffffffff   pinit


GLOBAL SYMBOLS: SORTED BY Symbol Address 

address    name
--------   ----
00000000   .data
00000000   ___data__
00000000   edata
00000000   ___edata__
00000220   _pow
00000220   ___text__
00000220   .text
00000400   __STACK_SIZE
00000c20   _cos
00001020   _sin
000013e0   _dft
000015d0   _main
00001740   __frcdivd
00001a40   _sqrt
00001ce0   __divd
00001f20   _memcpy
00002160   _exit
00002298   _atexit
00002374   C$$EXIT
00002374   _abort
00002380   __round
00002560   __divf
000026e0   _ldexp
00002860   _frexp
000029a0   __frcdivf
00002aa0   __auto_init
00002ba0   _modf
00002c80   _c_int00
00002d00   __nop
00002d08   __register_lock
00002d1c   __register_unlock
00002d40   __trunc
00002d80   ___bss__
00002d80   etext
00002d80   $bss
00002d80   ___etext__
00002d80   .bss
00002d80   _x
00002d90   _out
00002d98   _i
00002d9c   _j
00002da0   _Reals
00002dc0   _Imags
00002de0   _Results
00002e00   _pi
00002e04   _foundFrequency
00002e08   ___end__
00002e08   cinit
00002e08   ___cinit__
00002e08   end
000030a8   __stack
0000364c   __cleanup_ptr
00003650   __dtors_ptr
000036d8   __lock
000036dc   __unlock
000036e0   _errno
ffffffff   pinit
ffffffff   ___pinit__

[58 symbols]
